../HARDWARE/NRF2401/NRF2401.c:11:6:NRF24L01_Init	8	static
../HARDWARE/NRF2401/NRF2401.c:18:9:NRF24L01_Write_Buf	32	static
../HARDWARE/NRF2401/NRF2401.c:28:9:NRF24L01_Read_Buf	32	static
../HARDWARE/NRF2401/NRF2401.c:43:9:NRF24L01_Write_Reg	32	static
../HARDWARE/NRF2401/NRF2401.c:54:9:NRF24L01_Read_Reg	32	static
../HARDWARE/NRF2401/NRF2401.c:65:9:NRF24L01_Check	16	static
../HARDWARE/NRF2401/NRF2401.c:80:9:NRF24L01_TxPacket	24	static
../HARDWARE/NRF2401/NRF2401.c:104:9:NRF24L01_RxPacket	24	static
../HARDWARE/NRF2401/NRF2401.c:121:6:NRF24L01_RX_Mode	8	static
../HARDWARE/NRF2401/NRF2401.c:139:6:NRF24L01_TX_Mode	8	static
